[debug] [2026-05-25T11:33:55.764Z] ----------------------------------------------------------------------
[debug] [2026-05-25T11:33:55.766Z] Command:       /usr/local/bin/node /Users/umurey/.npm/_npx/ba4f1959e38407b5/node_modules/.bin/firebase projects:create hey-fede-wetzlar-app --display-name Hey Fede App
[debug] [2026-05-25T11:33:55.766Z] CLI Version:   15.18.0
[debug] [2026-05-25T11:33:55.766Z] Platform:      darwin
[debug] [2026-05-25T11:33:55.766Z] Node Version:  v24.14.1
[debug] [2026-05-25T11:33:55.766Z] Time:          Mon May 25 2026 04:33:55 GMT-0700 (Pacific Daylight Time)
[debug] [2026-05-25T11:33:55.766Z] ----------------------------------------------------------------------
[debug] 
[debug] [2026-05-25T11:33:55.768Z] > command requires scopes: ["email","openid","https://www.googleapis.com/auth/cloudplatformprojects.readonly","https://www.googleapis.com/auth/firebase","https://www.googleapis.com/auth/cloud-platform"]
[debug] [2026-05-25T11:33:56.127Z] Running auto auth
[debug] [2026-05-25T11:33:56.128Z] No OAuth tokens found
[debug] [2026-05-25T11:33:56.129Z] >>> [apiv2][query] POST https://cloudresourcemanager.googleapis.com/v1/projects [none]
[debug] [2026-05-25T11:33:56.129Z] >>> [apiv2][body] POST https://cloudresourcemanager.googleapis.com/v1/projects {"projectId":"hey-fede-wetzlar-app","name":"Hey Fede App"}
[debug] [2026-05-25T11:33:56.556Z] <<< [apiv2][status] POST https://cloudresourcemanager.googleapis.com/v1/projects 200
[debug] [2026-05-25T11:33:56.556Z] <<< [apiv2][body] POST https://cloudresourcemanager.googleapis.com/v1/projects {"name":"operations/create_project.global.6070207908358501425"}
[debug] [2026-05-25T11:33:56.558Z] No OAuth tokens found
[debug] [2026-05-25T11:33:56.558Z] >>> [apiv2][query] GET https://cloudresourcemanager.googleapis.com/v1/operations/create_project.global.6070207908358501425 [none]
[debug] [2026-05-25T11:33:57.220Z] <<< [apiv2][status] GET https://cloudresourcemanager.googleapis.com/v1/operations/create_project.global.6070207908358501425 200
[debug] [2026-05-25T11:33:57.220Z] <<< [apiv2][body] GET https://cloudresourcemanager.googleapis.com/v1/operations/create_project.global.6070207908358501425 {"name":"operations/create_project.global.6070207908358501425"}
[debug] [2026-05-25T11:33:57.722Z] [Project Creation Poller] Retrying task index 0
[debug] [2026-05-25T11:33:57.723Z] No OAuth tokens found
[debug] [2026-05-25T11:33:57.724Z] >>> [apiv2][query] GET https://cloudresourcemanager.googleapis.com/v1/operations/create_project.global.6070207908358501425 [none]
[debug] [2026-05-25T11:33:57.918Z] <<< [apiv2][status] GET https://cloudresourcemanager.googleapis.com/v1/operations/create_project.global.6070207908358501425 200
[debug] [2026-05-25T11:33:57.918Z] <<< [apiv2][body] GET https://cloudresourcemanager.googleapis.com/v1/operations/create_project.global.6070207908358501425 {"name":"operations/create_project.global.6070207908358501425"}
[debug] [2026-05-25T11:33:58.919Z] [Project Creation Poller] Retrying task index 0
[debug] [2026-05-25T11:33:58.920Z] No OAuth tokens found
[debug] [2026-05-25T11:33:58.920Z] >>> [apiv2][query] GET https://cloudresourcemanager.googleapis.com/v1/operations/create_project.global.6070207908358501425 [none]
[debug] [2026-05-25T11:33:59.087Z] <<< [apiv2][status] GET https://cloudresourcemanager.googleapis.com/v1/operations/create_project.global.6070207908358501425 200
[debug] [2026-05-25T11:33:59.087Z] <<< [apiv2][body] GET https://cloudresourcemanager.googleapis.com/v1/operations/create_project.global.6070207908358501425 {"name":"operations/create_project.global.6070207908358501425","metadata":{"@type":"type.googleapis.com/google.cloudresourcemanager.v1.ProjectCreationStatus","gettable":true,"ready":true},"done":true,"response":{"@type":"type.googleapis.com/google.cloudresourcemanager.v1.Project","projectNumber":"898179892990","projectId":"hey-fede-wetzlar-app","lifecycleState":"ACTIVE","name":"Hey Fede App","createTime":"2026-05-25T11:33:56.347Z"}}
[debug] [2026-05-25T11:33:59.088Z] No OAuth tokens found
[debug] [2026-05-25T11:33:59.089Z] >>> [apiv2][query] POST https://firebase.googleapis.com/v1beta1/projects/hey-fede-wetzlar-app:addFirebase [none]
[debug] [2026-05-25T11:34:00.244Z] <<< [apiv2][status] POST https://firebase.googleapis.com/v1beta1/projects/hey-fede-wetzlar-app:addFirebase 403
[debug] [2026-05-25T11:34:00.244Z] <<< [apiv2][body] POST https://firebase.googleapis.com/v1beta1/projects/hey-fede-wetzlar-app:addFirebase {"error":{"code":403,"message":"The caller does not have permission","status":"PERMISSION_DENIED"}}
[debug] [2026-05-25T11:34:00.245Z] Request to https://firebase.googleapis.com/v1beta1/projects/hey-fede-wetzlar-app:addFirebase had HTTP Error: 403, The caller does not have permission
[debug] [2026-05-25T11:34:00.245Z] FirebaseError: Request to https://firebase.googleapis.com/v1beta1/projects/hey-fede-wetzlar-app:addFirebase had HTTP Error: 403, The caller does not have permission
    at responseToError (/Users/umurey/.npm/_npx/ba4f1959e38407b5/node_modules/firebase-tools/lib/responseToError.js:53:12)
    at RetryOperation._fn (/Users/umurey/.npm/_npx/ba4f1959e38407b5/node_modules/firebase-tools/lib/apiv2.js:333:77)
    at process.processTicksAndRejections (node:internal/process/task_queues:104:5)
[error] 
[error] Error: Failed to add Firebase to Google Cloud Platform project. See firebase-debug.log for more info.
